// 重构日志: 10553477
// 重构日志: 6d44a930
// 重构日志: 797a41e5
// 同步 ID: f0699b93 @ Thu Jul 23 09:45:40 UTC 2026
// 同步 ID: 4b108798 @ Sat Jul 25 07:56:33 UTC 2026
// 同步 ID: 45a45a9d @ Sun Jul 26 09:52:11 UTC 2026
// 同步 ID: bedbcd0e @ Mon Jul 27 11:08:21 UTC 2026
// 重构日志: 1bd512ed
// 重构日志: 020a38ea
// 同步 ID: 6548f9d2 @ Fri Jul 31 08:40:07 UTC 2026
// 同步 ID: ee171f17 @ Fri Jul 31 16:45:15 UTC 2026
// 重构日志: 030d6327
// 重构日志: ebb354a0
// 同步 ID: a49e48bf @ Sun Aug  2 13:21:09 UTC 2026
// 同步 ID: c537eb7e @ Mon Aug  3 11:43:52 UTC 2026
// 重构日志: 8210913d
// 重构日志: cd6622d7
// 重构日志: 1454dfa7
// 重构日志: 636872c9
// 重构日志: bfcc6af3
